Answered in the block and cleared the tag.

**Weather:** November is the best month there — dry season starts, highs 83–88°F, ocean ~82–84°F, ~1 rainy day all month. First two weeks beat Thanksgiving week on price.

**Recs, ranked:**
1. **Four Seasons Punta Mita** — the pick. Complimentary Kids For All Seasons (5–12) *plus* Babies For All Seasons toddler programming added 2025, so both kids are covered; babysitting ~$18/hr. Two beaches, one calm and shallow specifically for little kids — the only genuinely toddler-safe water of the three. Aramara + Bahía hold up against the boutiques.
2. **Conrad Punta de Mita** — Turi Club from age 4 (comp per their site, $15/hr per third-party reviews — flagged to verify), waterslide/splash pad, Hilton points eligible. Beach runs rougher.
3. **Susurros del Corazón (Auberge)** — best food (Casamilpa) and design, but kids club is 5+ only and it's a surf beach. Halcie would be all nanny hours.

Skipped St. Regis (no kids club) and W (party atmosphere). Also noted Zeph turns 5 on Oct 13, so he clears every 5+ minimum by November.

Two checkboxes left in the block: pick dates, and book FS through Amex FHR / Preferred Partner if that's the call. No text sent — nothing blocking.
Rebase complete, answer written into the block, `#kit` tag cleared.

**What changed:**
- **Google Calendar (Infinite Summer)** — all 59 remaining days (Jul 25 → Sep 21) regenerated from pg 127. New line: 854 pages over 59 days, avg 14.5/day, ramped 12/day this week → 16/day in September. Each event shows the target page, %, the pages that specific day asks for, and a progress bar. Today's event relabeled `∞ Day 34 · REBASE · pg 127 · 13%`. Zero patch failures.
- **Blog-post links re-matched to page, not date** — the 2009 posts are keyed to stretches of the book, so leaving them on the old date grid would have had him reading commentary ~200 pages ahead of himself. Faster pace means some 2009 posts get skipped; none duplicated.
- **Go/no-go moved Aug 6 → Aug 21** (pg 502, the rebased 50% mark). The Aug 6 gate needed 28 pg/day from pg 127 — it wasn't a decision, it was a foregone conclusion. Craft task on the Aug 6 daily note updated in place with a `date://2026-08-21` link.
- **`Projects/Infinite Summer 2026.md`** — recovery plan rewritten as a rebase section, weekly tracking table updated (weeks 1–4 struck through as history, 5–12 on the new line), 50% reflection retitled.

Flagged honestly in the block: 127 pages in 34 days is 3.7/day realized, so 14.5/day is 4x that. The rebase makes the number true, not easy — and if the first full week lands under ~10/day, the Aug 21 gate is already answering. Offered a one-pass regenerate to Dec 21 (Infinite Fall) whenever he wants it.

No text sent — nothing blocking, nothing outward or irreversible.
Answered in the block and dropped the tag.

**Recommendation: Sun Nov 8 → Sat Nov 14, 2026 (6 nights).**

The constraint that decides it: Southwest is the only AUS↔PVR nonstop and it flies weekends only, so both ends have to be Sat or Sun or you're connecting with a 2- and 5-year-old.

- Week of Nov 2 is out on the front end — Sat Nov 7 is the MIS International Festival, plus First Fridays and the Green Trails social on Nov 6.
- Week of Nov 15 is out — MIS parent-teacher conferences Mon Nov 16, Incubus at ACL Live Thu Nov 19.
- Nov 9–14 is genuinely empty on every calendar, sits between the two conference days, and is three weeks clear of Thanksgiving break.

Flagged in-block: two Zeph OT sessions to reschedule (11/10, 11/13), the December package enrollment deadline falling on 11/13 while they're gone, and MIS tuition part 2 ($7,595) hitting Nov 1 in the same window as a deposit. Also gave the 7-night alternative (Sat 11/7 → Sat 11/14) with the festival as its cost.
Answered in the Craft block; tag removed.

**The headline:** Babies For All Seasons is confirmed running — it's a permanent year-round amenity program (launched March 2025, first in the brand), so there's nothing seasonal to verify. But it's scoped to **0–18 months**, and Halcie will be 31 months in November. She ages out entirely. That corrects the page's premise that FS covers both kids with programming — she's nanny hours there, same as at Susurros.

**Rates** (2 adults + 2 children, 6 nights, avg/night incl. the mandatory 15% service charge, IVA + lodging tax extra), pulled live from Four Seasons' booking engine:

- Nov 8–14 — Garden Casita $966 / Ocean Casita $1,031 / Oceanfront Plunge Pool Casita $1,281
- Nov 1–7 — Garden sold out / Ocean $1,025 / **Two-Bedroom Family Casita $1,583** (only window it showed)
- Nov 21–27 — Garden $1,459 / Ocean $1,524 / Oceanfront Plunge Pool Casita $2,874

Thanksgiving premium confirmed: 1.5x on the entry casita, 2.2x oceanfront. Also flagged that fourth-night-free is available two ways (FS's own offer and an Amex FHR promo, book by 12/15/26), and that the displayed rates are best-available, not the package — the advisor has to apply it.

The other note in there: since the two-bedroom family casita only had availability Nov 1–7, that cuts against the 11/8–11/14 dates the earlier task recommended. Worth a look when you pick.
